
> ai-content-studio-tmp@0.1.0 build
> next build

Γû▓ Next.js 16.3.0 (Turbopack)
Γ£ô Running next.config.ts took 2.6s

node.exe : ΓÜá The "middleware" file convention is deprecated. Please use 
"proxy" instead.
At line:1 char:1
+ & "C:\Program Files\nodejs/node.exe" "C:\Program Files\nodejs/node_mo ...
+ ~~~~~~~~~~~~~~~~~~~~~~~~~~~~~~~~~~~~~~~~~~~~~~~~~~~~~~~~~~~~~~~~~~~~~
    + CategoryInfo          : NotSpecified: (ΓÜá The "middle...proxy" instead 
   .:String) [], RemoteException
    + FullyQualifiedErrorId : NativeCommandError
 

  To migrate automatically, run:
  npx @next/codemod@canary middleware-to-proxy .

  Learn more: https://nextjs.org/docs/messages/middleware-to-proxy
  Creating an optimized production build ...
Γ£ô Compiled successfully in 38.4s
  Running TypeScript ...
Γ£ô Finished writing to filesystem cache in 22.2s
