node.exe : [33m(!) Your Vite config uses features that are unsupported by 
`configLoader: 'native'`, which is planned to become the default in a future 
major version of Vite:
At line:1 char:1
+ & "C:\Program Files\nodejs/node.exe" "C:\Program Files\nodejs/node_mo ...
+ ~~~~~~~~~~~~~~~~~~~~~~~~~~~~~~~~~~~~~~~~~~~~~~~~~~~~~~~~~~~~~~~~~~~~~
    + CategoryInfo          : NotSpecified: ([33m(!) Your V...ersion of Vite 
   ::String) [], RemoteException
    + FullyQualifiedErrorId : NativeCommandError
 
  - ESM syntax in a file loaded as CommonJS (vitest.config.ts:1:1). Use a 
`.mjs` extension or set `"type": "module"` in the closest package.json
Set `VITE_CONFIG_NATIVE_IGNORE_WARNING=true` to suppress this warning.[39m
[33mThe plugin "vite-tsconfig-paths" is detected. Vite now supports tsconfig 
paths resolution natively via the [1mresolve.tsconfigPaths[22m option. You 
can remove the plugin and set [1mresolve.tsconfigPaths: true[22m in your 
Vite config instead.[39m

[1m[30m[46m RUN [49m[39m[22m [36mv4.1.10 [39m[90mC:/Users/Win-10/Desktop/Youtube Automation/app[39m

 [32mΓ£ô[39m tests/srtGenerator.test.ts [2m([22m[2m9 tests[22m[2m)[22m[32m 15[2mms[22m[39m
 [32mΓ£ô[39m tests/seo.test.ts [2m([22m[2m2 tests[22m[2m)[22m[32m 10[2mms[22m[39m
 [32mΓ£ô[39m tests/retry.test.ts [2m([22m[2m8 tests[22m[2m)[22m[33m 941[2mms[22m[39m
     [33m[2mΓ£ô[22m[39m retries exactly N times then rethrows [33m 859[2mms[22m[39m
 [32mΓ£ô[39m tests/scenePlanner.test.ts [2m([22m[2m6 tests[22m[2m)[22m[32m 15[2mms[22m[39m

[2m Test Files [22m [1m[32m4 passed[39m[22m[90m (4)[39m
[2m      Tests [22m [1m[32m25 passed[39m[22m[90m (25)[39m
[2m   Start at [22m 22:07:00
[2m   Duration [22m 2.08s[2m (transform 373ms, setup 0ms, import 869ms, tests 980ms, environment 1ms)[22m

